// Jest Snapshot v1, https://goo.gl/fbAQLP

exports[`VK tests Get link works 1`] = `
"
    <html lang="en">
      <body>
         <div style="width: 100%; height: 100%; display: flex; align-items: center; justify-content: center;">
            <h1><a target="_blank" href="https://oauth.vk.com/authorize?client_id=51467723
&display=page
&redirect_uri=http://localhost:3000/vk/token/
&scope=wall,stats,groups
&response_type=token
&v=5.131
">Vk Auth link</a></h1>
         </div>
      </body>
    </html>
"
`;
